IP Upgrade report for test_depl_plateforme
Fri Oct 26 18:55:14 2018
Quartus Prime Version 18.1.0 Build 625 09/12/2018 SJ Lite Edition


---------------------
; Table of Contents ;
---------------------
  1. Legal Notice
  2. IP Upgrade Summary
  3. Failed Upgrade IP Components
  4. IP Upgrade Messages



----------------
; Legal Notice ;
----------------
Copyright (C) 2018  Intel Corporation. All rights reserved.
Your use of Intel Corporation's design tools, logic functions 
and other software and tools, and its AMPP partner logic 
functions, and any output files from any of the foregoing 
(including device programming or simulation files), and any 
associated documentation or information are expressly subject 
to the terms and conditions of the Intel Program License 
Subscription Agreement, the Intel Quartus Prime License Agreement,
the Intel FPGA IP License Agreement, or other applicable license
agreement, including, without limitation, that your use is for
the sole purpose of programming logic devices manufactured by
Intel and sold by Intel or its authorized distributors.  Please
refer to the applicable agreement for further details.



+----------------------------------------------------------------------------+
; IP Upgrade Summary                                                         ;
+------------------------------+---------------------------------------------+
; IP Components Upgrade Status ; Failed - Fri Oct 26 18:55:14 2018           ;
; Quartus Prime Version        ; 18.1.0 Build 625 09/12/2018 SJ Lite Edition ;
; Revision Name                ; test_depl_plateforme                        ;
; Top-level Entity Name        ; main                                        ;
; Family                       ; Cyclone V                                   ;
+------------------------------+---------------------------------------------+


+--------------------------------------------------------------------------------------------------------------------------------------------------------------------------------+
; Failed Upgrade IP Components                                                                                                                                                   ;
+-------------+----------------+---------+------------------------------------+----------------------+-----------------+---------------------------------------------------------+
; Entity Name ; Component Name ; Version ; Original Source File               ; Generation File Path ; New Source File ; Message                                                 ;
+-------------+----------------+---------+------------------------------------+----------------------+-----------------+---------------------------------------------------------+
; Niosballe   ; Qsys           ; 18.0    ; Nios_balle/synthesis/Niosballe.qip ; Niosballe.qsys       ;                 ; Error upgrading Platform Designer file "Niosballe.qsys" ;
; pll_test_25 ; altera_pll     ; 18.0    ; pll_test_25.qip                    ; pll_test_25.vhd      ;                 ; Error upgrading IP component "pll_test_25.vhd".         ;
+-------------+----------------+---------+------------------------------------+----------------------+-----------------+---------------------------------------------------------+


+---------------------+
; IP Upgrade Messages ;
+---------------------+
Info (11902): Backing up file "Nios_balle/synthesis/Niosballe.vhd" to "Niosballe.BAK.vhd"
Info (11837): Started upgrading IP component Qsys with file "Niosballe.qsys"
Error: 2018.10.26.18:55:11 Error: Error opening C:/Users/paulb/Desktop/Supelec/Projets/AA_PROJET_FPGA_3
Error (14923): Error upgrading Platform Designer file "Niosballe.qsys"
Info (11902): Backing up file "pll_test_25.vhd" to "pll_test_25.BAK.vhd"
Info (11837): Started upgrading IP component altera_pll with file "pll_test_25.vhd"
Info (11904): Restoring file "pll_test_25.BAK.vhd" to "pll_test_25.vhd"
Error (14921): Error upgrading IP component "pll_test_25.vhd".
Error (11890): Unable to automatically upgrade Platform Designer component. Please manually upgrade "Niosballe.qsys" in Platform Designer
Error (11133): IP component altera_pll with file "pll_test_25.vhd" upgrade failed
Error (11889): IP component upgrade failed
Error (23031): Evaluation of Tcl script c:/intelfpga_lite/18.1/quartus/common/tcl/internal/ip_regen/ip_regen.tcl unsuccessful
Error: Quartus Prime Shell was unsuccessful. 7 errors, 0 warnings
    Error: Peak virtual memory: 4877 megabytes
    Error: Processing ended: Fri Oct 26 18:55:14 2018
    Error: Elapsed time: 00:00:20
    Error: Total CPU time (on all processors): 00:00:39


